Ôû▓ Next.js 16.1.6 (Turbopack)

  Creating an optimized production build ...
node.exe : 
No linha:1 caractere:1
+ & "C:\Program 
Files\nodejs/node.exe" 
"C:\Program 
Files\nodejs/node_mo 
...
+ ~~~~~~~~~~~~~~~~~~~~~
~~~~~~~~~~~~~~~~~~~~~~~
~~~~~~~~~~~~~~~~~~~~~~~
~~
    + CategoryInfo     
         : NotSpecifi  
  ed: (:String) [],    
 RemoteException
    + FullyQualifiedEr 
   rorId : NativeComm  
  andError
 
> Build error occurred
Error: Turbopack build 
failed with 1 errors:
./src/app/clients/[id]/
edit/page.tsx:3:10
Ecmascript file had an 
error
[0m [90m 1 |[39m 
[36mimport[39m 
[33mLink[39m 
[36mfrom[39m [32m'ne
xt/link'[39m[33m;[39
m
 [90m 2 |[39m 
[36mimport[39m 
styles [36mfrom[39m 
[32m'./clientEdit.modul
e.css'[39m[33m;[39m
[31m[1m>[22m[39m[9
0m 3 |[39m 
[36mimport[39m { 
useState } 
[36mfrom[39m [32m're
act'[39m[33m;[39m
 [90m   |[39m        
  [31m[1m^[22m[39m
[31m[1m^[22m[39m[31
m[1m^[22m[39m[31m[
1m^[22m[39m[31m[1m^
[22m[39m[31m[1m^[2
2m[39m[31m[1m^[22m
[39m[31m[1m^[22m[39
m
 [90m 4 |[39m
 [90m 5 |[39m 
[90m// MOCK DATA for 
the selected 
client[39m
 [90m 6 |[39m 
[36mconst[39m 
[33mMOCK_CLIENT[39m 
[33m=[39m {[0m

You're importing a 
component that needs 
`useState`. This React 
Hook only works in a 
Client Component. To 
fix, mark the file (or 
its parent) with the 
`"use client"` 
directive.

 Learn more: https://ne
xtjs.org/docs/app/api-r
eference/directives/use
-client




    at <unknown> (./src
/app/clients/[id]/edit/
page.tsx:3:10)
