
> frontend@0.1.0 build
> next build

   Ôû▓ Next.js 15.1.7

   Creating an optimized production build ...
node.exe : Failed to 
compile.
No linha:1 caractere:1
+ & "C:\Program 
Files\nodejs/node.exe" 
"C:\Program 
Files\nodejs/node_mo ...
+ ~~~~~~~~~~~~~~~~~~~~~~~~~
~~~~~~~~~~~~~~~~~~~~~~~~~~~
~~~~~~~~~~~~~~~~~
    + CategoryInfo         
     : NotSpecified: (Fai  
  led to compile.:String   
 ) [], RemoteException
    + FullyQualifiedErrorI 
   d : NativeCommandError
 

./src/app/(dashboard)/finan
cial/chargebacks/page.tsx
Error:   [31mx[0m Merge 
conflict marker 
encountered.
    ,-[[36;1;4mC:\Users\Pa
bliitoxD\.gemini\antigravit
y\scratch\backoffice\fronte
nd\src\app\(dashboard)\fina
ncial\chargebacks\page.tsx
[0m:26:1]
 [2m23[0m |   const 
[isSaving, setIsSaving] = 
useState(false);
 [2m24[0m |   const 
[searchTerm, 
setSearchTerm] = 
useState('');
 [2m25[0m |   const 
[deadlineFilter, 
setDeadlineFilter] = 
useState('all');
 [2m26[0m | <<<<<<< HEAD
    : [35;1m^^^^^^^[0m
 [2m27[0m |   
 [2m28[0m |   const 
[extraChargeAmount, 
setExtraChargeAmount] = 
useState('');
 [2m28[0m |   const 
[extraChargeReason, 
setExtraChargeReason] = 
useState('');
    `----
  [31mx[0m Merge 
conflict marker 
encountered.
    ,-[[36;1;4mC:\Users\Pa
bliitoxD\.gemini\antigravit
y\scratch\backoffice\fronte
nd\src\app\(dashboard)\fina
ncial\chargebacks\page.tsx
[0m:32:1]
 [2m29[0m |   const 
[extraChargeReason, 
setExtraChargeReason] = 
useState('');
 [2m30[0m |   const 
[isCharging, 
setIsCharging] = 
useState(false);
 [2m31[0m |   
 [2m32[0m | =======
    : [35;1m^^^^^^^[0m
 [2m33[0m | 
 [2m34[0m |   const 
[extraChargeAmount, 
setExtraChargeAmount] = 
useState('');
 [2m34[0m |   const 
[extraChargeReason, 
setExtraChargeReason] = 
useState('');
    `----
  [31mx[0m Merge 
conflict marker 
encountered.
    ,-[[36;1;4mC:\Users\Pa
bliitoxD\.gemini\antigravit
y\scratch\backoffice\fronte
nd\src\app\(dashboard)\fina
ncial\chargebacks\page.tsx
[0m:46:1]
 [2m43[0m |   const 
[defenseError, 
setDefenseError] = 
useState<string | 
null>(null);
 [2m44[0m |   const 
fileInputRef = useRef<HTMLI
nputElement>(null);
 [2m45[0m | 
 [2m46[0m | >>>>>>> 
Feature/0006/financial
    : [35;1m^^^^^^^[0m
 [2m47[0m |   // Current 
month default dates
 [2m48[0m |   const now 
= new Date();
 [2m48[0m |   const 
firstDay = new 
Date(now.getFullYear(), 
now.getMonth(), 1).toISOStr
ing().split('T')[0];
    `----
  [31mx[0m Merge 
conflict marker 
encountered.
    ,-[[36;1;4mC:\Users\Pa
bliitoxD\.gemini\antigravit
y\scratch\backoffice\fronte
nd\src\app\(dashboard)\fina
ncial\chargebacks\page.tsx
[0m:63:1]
 [2m60[0m |       if 
(searchTerm) queryParams.ap
pend('search', searchTerm);
 [2m61[0m |       if 
(startDate) queryParams.app
end('startDate', 
startDate);
 [2m62[0m |       if 
(endDate) queryParams.appen
d('endDate', endDate);
 [2m63[0m | <<<<<<< HEAD
    : [35;1m^^^^^^^[0m
 [2m64[0m |       
 [2m65[0m |       const 
fetchUrl = `${API_URL}/tran
sactions?${queryParams.toSt
ring()}`;
 [2m65[0m |       
    `----
  [31mx[0m Merge 
conflict marker 
encountered.
    ,-[[36;1;4mC:\Users\Pa
bliitoxD\.gemini\antigravit
y\scratch\backoffice\fronte
nd\src\app\(dashboard)\fina
ncial\chargebacks\page.tsx
[0m:82:1]
 [2m79[0m |       }
 [2m80[0m |     } 
catch(e) {
 [2m81[0m |       
console.error(e);
 [2m82[0m | =======
    : [35;1m^^^^^^^[0m
 [2m83[0m | 
 [2m84[0m |       const 
res = await fetch(`${API_UR
L}/transactions?${queryPara
ms.toString()}`, {
 [2m84[0m |         
headers: { 
'Authorization': `Bearer 
${token}` }
    `----
  [31mx[0m Expected a 
semicolon
    ,-[[36;1;4mC:\Users\Pa
bliitoxD\.gemini\antigravit
y\scratch\backoffice\fronte
nd\src\app\(dashboard)\fina
ncial\chargebacks\page.tsx
[0m:89:1]
 [2m86[0m |       });
 [2m87[0m |       const 
responseData = await 
res.json();
 [2m88[0m |       setChar
gebacks(Array.isArray(respo
nseData) ? responseData : 
[]);
 [2m89[0m |     } catch 
(err) {
    : [35;1m      
^^^^^[0m
 [2m90[0m | >>>>>>> 
Feature/0006/financial
 [2m91[0m |       
setChargebacks([]);
 [2m91[0m |     } 
finally {
    `----
  [31mx[0m Merge 
conflict marker 
encountered.
    ,-[[36;1;4mC:\Users\Pa
bliitoxD\.gemini\antigravit
y\scratch\backoffice\fronte
nd\src\app\(dashboard)\fina
ncial\chargebacks\page.tsx
[0m:90:1]
 [2m87[0m |       const 
responseData = await 
res.json();
 [2m88[0m |       setChar
gebacks(Array.isArray(respo
nseData) ? responseData : 
[]);
 [2m89[0m |     } catch 
(err) {
 [2m90[0m | >>>>>>> 
Feature/0006/financial
    : [35;1m^^^^^^^[0m
 [2m91[0m |       
setChargebacks([]);
 [2m92[0m |     } 
finally {
 [2m92[0m |       
setLoading(false);
    `----
  [31mx[0m Merge 
conflict marker 
encountered.
     ,-[[36;1;4mC:\Users\P
abliitoxD\.gemini\antigravi
ty\scratch\backoffice\front
end\src\app\(dashboard)\fin
ancial\chargebacks\page.tsx
[0m:125:1]
 [2m122[0m |       const 
token = localStorage.getIte
m('token');
 [2m123[0m |       const 
res = await fetch(`${API_UR
L}/transactions/${selectedC
hargeback.id}/extra-charge`
, {
 [2m124[0m |         
method: 'POST',
 [2m125[0m | <<<<<<< HEAD
     : [35;1m^^^^^^^[0m
 [2m126[0m |         
headers: {
 [2m127[0m |           
'Content-Type': 
'application/json',
 [2m127[0m |           
'Authorization': `Bearer 
${token}`
     `----
  [31mx[0m Merge 
conflict marker 
encountered.
     ,-[[36;1;4mC:\Users\P
abliitoxD\.gemini\antigravi
ty\scratch\backoffice\front
end\src\app\(dashboard)\fin
ancial\chargebacks\page.tsx
[0m:134:1]
 [2m131[0m |           
amount: parseFloat(extraCha
rgeAmount),
 [2m132[0m |           
reason: extraChargeReason
 [2m133[0m |         })
 [2m134[0m | =======
     : [35;1m^^^^^^^[0m
 [2m135[0m |         
headers: { 'Content-Type': 
'application/json', 
'Authorization': `Bearer 
${token}` },
 [2m136[0m |         
body: JSON.stringify({ 
amount: parseFloat(extraCha
rgeAmount), reason: 
extraChargeReason })
 [2m136[0m | >>>>>>> 
Feature/0006/financial
     `----
  [31mx[0m Expected ',', 
got 'headers'
     ,-[[36;1;4mC:\Users\P
abliitoxD\.gemini\antigravi
ty\scratch\backoffice\front
end\src\app\(dashboard)\fin
ancial\chargebacks\page.tsx
[0m:134:1]
 [2m131[0m |             
  amount: parseFloat(extraC
hargeAmount),
 [2m132[0m |             
  reason: extraChargeReason
 [2m133[0m |             
})
 [2m134[0m | [35;1m,[0m
[35;1m-[0m[35;1m>[0m 
=======
 [2m135[0m | [35;1m`[0m
[35;1m-[0m[35;1m>[0m   
      headers: { 
'Content-Type': 
'application/json', 
'Authorization': `Bearer 
${token}` },
 [2m136[0m |             
body: JSON.stringify({ 
amount: parseFloat(extraCha
rgeAmount), reason: 
extraChargeReason })
 [2m137[0m |     >>>>>>> 
Feature/0006/financial
 [2m137[0m |           
});
     `----

Caused by:
    Syntax Error

Import trace for requested 
module:
./src/app/(dashboard)/finan
cial/chargebacks/page.tsx


> Build failed because of 
webpack errors
